
  .   ____          _            __ _ _
 /\\ / ___'_ __ _ _(_)_ __  __ _ \ \ \ \
( ( )\___ | '_ | '_| | '_ \/ _` | \ \ \ \
 \\/  ___)| |_)| | | | | || (_| |  ) ) ) )
  '  |____| .__|_| |_|_| |_\__, | / / / /
 =========|_|==============|___/=/_/_/_/

 :: Spring Boot ::               (v3.5.16)

2026-08-14T21:29:24.904+08:00  INFO [pencarikeje,] 6080 --- [pencarikeje] [           main] c.k.pencarikeje.PencarikejeApplication   : Starting PencarikejeApplication v0.0.1-SNAPSHOT using Java 17.0.17 with PID 6080 (C:\pencarikeje\target\pencarikeje-0.0.1-SNAPSHOT.jar started by am in C:\pencarikeje)
2026-08-14T21:29:24.906+08:00  INFO [pencarikeje,] 6080 --- [pencarikeje] [           main] c.k.pencarikeje.PencarikejeApplication   : No active profile set, falling back to 1 default profile: "default"
2026-08-14T21:29:25.606+08:00  INFO [pencarikeje,] 6080 --- [pencarikeje] [           main] .s.d.r.c.RepositoryConfigurationDelegate : Bootstrapping Spring Data JPA repositories in DEFAULT mode.
2026-08-14T21:29:25.655+08:00  INFO [pencarikeje,] 6080 --- [pencarikeje] [           main] .s.d.r.c.RepositoryConfigurationDelegate : Finished Spring Data repository scanning in 41 ms. Found 4 JPA repository interfaces.
2026-08-14T21:29:26.112+08:00  INFO [pencarikeje,] 6080 --- [pencarikeje] [           main] o.s.b.w.embedded.tomcat.TomcatWebServer  : Tomcat initialized with port 8081 (http)
2026-08-14T21:29:26.121+08:00  INFO [pencarikeje,] 6080 --- [pencarikeje] [           main] o.apache.catalina.core.StandardService   : Starting service [Tomcat]
2026-08-14T21:29:26.121+08:00  INFO [pencarikeje,] 6080 --- [pencarikeje] [           main] o.apache.catalina.core.StandardEngine    : Starting Servlet engine: [Apache Tomcat/10.1.55]
2026-08-14T21:29:26.154+08:00  INFO [pencarikeje,] 6080 --- [pencarikeje] [           main] o.a.c.c.C.[Tomcat].[localhost].[/]       : Initializing Spring embedded WebApplicationContext
2026-08-14T21:29:26.155+08:00  INFO [pencarikeje,] 6080 --- [pencarikeje] [           main] w.s.c.ServletWebServerApplicationContext : Root WebApplicationContext: initialization completed in 1215 ms
2026-08-14T21:29:26.396+08:00  INFO [pencarikeje,] 6080 --- [pencarikeje] [           main] com.zaxxer.hikari.HikariDataSource       : HikariPool-1 - Starting...
2026-08-14T21:29:26.539+08:00  INFO [pencarikeje,] 6080 --- [pencarikeje] [           main] com.zaxxer.hikari.pool.HikariPool        : HikariPool-1 - Added connection org.postgresql.jdbc.PgConnection@1de5cc88
2026-08-14T21:29:26.540+08:00  INFO [pencarikeje,] 6080 --- [pencarikeje] [           main] com.zaxxer.hikari.HikariDataSource       : HikariPool-1 - Start completed.
2026-08-14T21:29:26.568+08:00  INFO [pencarikeje,] 6080 --- [pencarikeje] [           main] org.flywaydb.core.FlywayExecutor         : Database: jdbc:postgresql://localhost:5433/jobtracker (PostgreSQL 16.14)
2026-08-14T21:29:26.616+08:00  INFO [pencarikeje,] 6080 --- [pencarikeje] [           main] o.f.core.internal.command.DbValidate     : Successfully validated 6 migrations (execution time 00:00.025s)
2026-08-14T21:29:26.646+08:00  INFO [pencarikeje,] 6080 --- [pencarikeje] [           main] o.f.core.internal.command.DbMigrate      : Current version of schema "public": 6
2026-08-14T21:29:26.648+08:00  INFO [pencarikeje,] 6080 --- [pencarikeje] [           main] o.f.core.internal.command.DbMigrate      : Schema "public" is up to date. No migration necessary.
2026-08-14T21:29:26.720+08:00  INFO [pencarikeje,] 6080 --- [pencarikeje] [           main] o.hibernate.jpa.internal.util.LogHelper  : HHH000204: Processing PersistenceUnitInfo [name: default]
2026-08-14T21:29:26.764+08:00  INFO [pencarikeje,] 6080 --- [pencarikeje] [           main] org.hibernate.Version                    : HHH000412: Hibernate ORM core version 6.6.53.Final
2026-08-14T21:29:26.791+08:00  INFO [pencarikeje,] 6080 --- [pencarikeje] [           main] o.h.c.internal.RegionFactoryInitiator    : HHH000026: Second-level cache disabled
2026-08-14T21:29:27.000+08:00  INFO [pencarikeje,] 6080 --- [pencarikeje] [           main] o.s.o.j.p.SpringPersistenceUnitInfo      : No LoadTimeWeaver setup: ignoring JPA class transformer
2026-08-14T21:29:27.062+08:00  INFO [pencarikeje,] 6080 --- [pencarikeje] [           main] org.hibernate.orm.connections.pooling    : HHH10001005: Database info:
	Database JDBC URL [Connecting through datasource 'HikariDataSource (HikariPool-1)']
	Database driver: undefined/unknown
	Database version: 16.14
	Autocommit mode: undefined/unknown
	Isolation level: undefined/unknown
	Minimum pool size: undefined/unknown
	Maximum pool size: undefined/unknown
2026-08-14T21:29:27.671+08:00  INFO [pencarikeje,] 6080 --- [pencarikeje] [           main] o.h.e.t.j.p.i.JtaPlatformInitiator       : HHH000489: No JTA platform available (set 'hibernate.transaction.jta.platform' to enable JTA platform integration)
2026-08-14T21:29:27.702+08:00  INFO [pencarikeje,] 6080 --- [pencarikeje] [           main] j.LocalContainerEntityManagerFactoryBean : Initialized JPA EntityManagerFactory for persistence unit 'default'
2026-08-14T21:29:27.886+08:00  INFO [pencarikeje,] 6080 --- [pencarikeje] [           main] o.s.d.j.r.query.QueryEnhancerFactory     : Hibernate is in classpath; If applicable, HQL parser will be used.
2026-08-14T21:29:28.595+08:00  WARN [pencarikeje,] 6080 --- [pencarikeje] [           main] .s.s.UserDetailsServiceAutoConfiguration : 

Using generated security password: f9c26427-dfb4-45af-9145-bc35dbdeccc9

This generated password is for development use only. Your security configuration must be updated before running your application in production.

2026-08-14T21:29:28.604+08:00  INFO [pencarikeje,] 6080 --- [pencarikeje] [           main] r$InitializeUserDetailsManagerConfigurer : Global AuthenticationManager configured with UserDetailsService bean with name inMemoryUserDetailsManager
2026-08-14T21:29:28.871+08:00  INFO [pencarikeje,] 6080 --- [pencarikeje] [           main] o.s.b.w.embedded.tomcat.TomcatWebServer  : Tomcat started on port 8081 (http) with context path '/'
2026-08-14T21:29:28.879+08:00  INFO [pencarikeje,] 6080 --- [pencarikeje] [           main] c.k.pencarikeje.PencarikejeApplication   : Started PencarikejeApplication in 4.326 seconds (process running for 4.683)
2026-08-14T21:29:28.883+08:00  WARN [pencarikeje,] 6080 --- [pencarikeje] [           main] o.s.core.events.SpringDocAppInitializer  : SpringDoc /v3/api-docs endpoint is enabled by default. To disable it in production, set the property 'springdoc.api-docs.enabled=false'
2026-08-14T21:29:28.883+08:00  WARN [pencarikeje,] 6080 --- [pencarikeje] [           main] o.s.core.events.SpringDocAppInitializer  : SpringDoc /swagger-ui.html endpoint is enabled by default. To disable it in production, set the property 'springdoc.swagger-ui.enabled=false'
2026-08-14T21:29:48.470+08:00  INFO [pencarikeje,] 6080 --- [pencarikeje] [nio-8081-exec-1] o.a.c.c.C.[Tomcat].[localhost].[/]       : Initializing Spring DispatcherServlet 'dispatcherServlet'
2026-08-14T21:29:48.470+08:00  INFO [pencarikeje,] 6080 --- [pencarikeje] [nio-8081-exec-1] o.s.web.servlet.DispatcherServlet        : Initializing Servlet 'dispatcherServlet'
2026-08-14T21:29:48.471+08:00  INFO [pencarikeje,] 6080 --- [pencarikeje] [nio-8081-exec-1] o.s.web.servlet.DispatcherServlet        : Completed initialization in 1 ms
